00:00 +0: loading C:/flutter_projects/energy_management_system/test/widget_test.dart
00:00 +0: Dashboard loads and shows title
Error fetching latest sensors: Exception: Failed to load sensors (400)
Error fetching latest prediction: Exception: Failed to load prediction (400)
Error fetching current relay state: Exception: Failed to load relay state (400)
WebSocket connected to ws://localhost:8765
WebSocket closed ΓÇö reconnecting...
MQTT Disconnected
Pending timers:
Timer (duration: 0:00:00.010000, periodic: false), created:
#0      new FakeTimer._ (package:fake_async/fake_async.dart:342:62)
#1      FakeAsync._createTimer (package:fake_async/fake_async.dart:260:29)
#2      FakeAsync.run.<anonymous closure> (package:fake_async/fake_async.dart:185:15)
#5      _NativeSocket.staggeredLookup.<anonymous closure> (dart:io-patch/socket_patch.dart:751:27)
#12     _NativeSocket.tryConnectToResolvedAddresses (dart:io-patch/socket_patch.dart:1120:39)
#13     _NativeSocket.startConnect.<anonymous closure> (dart:io-patch/socket_patch.dart:849:14)
<asynchronous suspension>
#19     _RawSocket.startConnect.<anonymous closure> (dart:io-patch/socket_patch.dart:2300:12)
<asynchronous suspension>
#20     Socket._startConnect.<anonymous closure> (dart:io-patch/socket_patch.dart:2580:12)
<asynchronous suspension>
#21     _ConnectionTarget.connect.<anonymous closure> (dart:_http/http_impl.dart:2715:7)
<asynchronous suspension>
#22     _HttpClient._openUrl.<anonymous closure> (dart:_http/http_impl.dart:3061:7)
<asynchronous suspension>
#23     _WebSocketImpl.connect.<anonymous closure> (dart:_http/websocket_impl.dart:1098:15)
<asynchronous suspension>
#24     _WebSocketImpl.connect.<anonymous closure> (dart:_http/websocket_impl.dart:1130:15)
<asynchronous suspension>
#25     IOWebSocket.connect (package:web_socket/src/io_web_socket.dart:36:11)
<asynchronous suspension>
#26     new AdapterWebSocketChannel.<anonymous closure> (package:web_socket_channel/adapter_web_socket_channel.dart:81:26)
<asynchronous suspension>
(elided 13 frames from dart:async and package:stack_trace)

Timer (duration: 0:00:00.010000, periodic: false), created:
#0      new FakeTimer._ (package:fake_async/fake_async.dart:342:62)
#1      FakeAsync._createTimer (package:fake_async/fake_async.dart:260:29)
#2      FakeAsync.run.<anonymous closure> (package:fake_async/fake_async.dart:185:15)
#5      _NativeSocket.staggeredLookup.<anonymous closure> (dart:io-patch/socket_patch.dart:751:27)
#12     _NativeSocket.tryConnectToResolvedAddresses (dart:io-patch/socket_patch.dart:1120:39)
#13     _NativeSocket.startConnect.<anonymous closure> (dart:io-patch/socket_patch.dart:849:14)
<asynchronous suspension>
#19     _NativeSocket.connect.<anonymous closure> (dart:io-patch/socket_patch.dart:1147:69)
<asynchronous suspension>
#20     _RawSocket.connect.<anonymous closure> (dart:io-patch/socket_patch.dart:2276:12)
<asynchronous suspension>
#21     Socket._connect.<anonymous closure> (dart:io-patch/socket_patch.dart:2565:12)
<asynchronous suspension>
#22     MqttServerNormalConnection.connect.<anonymous closure> (package:mqtt_client/src/connectionhandling/server/mqtt_client_mqtt_server_normal_connection.dart:38:17)
<asynchronous suspension>
(elided 13 frames from dart:async and package:stack_trace)

Timer (duration: 0:00:05.000000, periodic: false), created:
#0      new FakeTimer._ (package:fake_async/fake_async.dart:342:62)
#1      FakeAsync._createTimer (package:fake_async/fake_async.dart:260:29)
#2      FakeAsync.run.<anonymous closure> (package:fake_async/fake_async.dart:185:15)
#5      WebSocketService._scheduleReconnect (package:energy_management_system/services/websocket_service.dart:54:23)
#6      WebSocketService.connect.<anonymous closure> (package:energy_management_system/services/websocket_service.dart:41:11)
#18     GuaranteeChannel._onSinkDisconnected (package:stream_channel/src/guarantee_channel.dart:69:23)
#19     _GuaranteeSink.close (package:stream_channel/src/guarantee_channel.dart:187:16)
#20     DelegatingStreamSink.close (package:async/src/delegate/stream_sink.dart:47:27)
#21     _WebSocketSink.close (package:web_socket_channel/adapter_web_socket_channel.dart:147:18)
#22     WebSocketService.dispose (package:energy_management_system/services/websocket_service.dart:59:20)
#23     _DashboardShellState.dispose (package:energy_management_system/main.dart:142:16)
#24     StatefulElement.unmount (package:flutter/src/widgets/framework.dart:5922:11)
#25     _InactiveElements._unmount (package:flutter/src/widgets/framework.dart:2075:13)
#26     _InactiveElements._unmount.<anonymous closure> (package:flutter/src/widgets/framework.dart:2073:7)
#27     SingleChildRenderObjectElement.visitChildren (package:flutter/src/widgets/framework.dart:6994:14)
#28     _InactiveElements._unmount (package:flutter/src/widgets/framework.dart:2071:13)
#29     _InactiveElements._unmount.<anonymous closure> (package:flutter/src/widgets/framework.dart:2073:7)
#30     ComponentElement.visitChildren (package:flutter/src/widgets/framework.dart:5763:14)
#31     _InactiveElements._unmount (package:flutter/src/widgets/framework.dart:2071:13)
#32     _InactiveElements._unmount.<anonymous closure> (package:flutter/src/widgets/framework.dart:2073:7)
#33     SingleChildRenderObjectElement.visitChildren (package:flutter/src/widgets/framework.dart:6994:14)
#34     _InactiveElements._unmount (package:flutter/src/widgets/framework.dart:2071:13)
#35     _InactiveElements._unmount.<anonymous closure> (package:flutter/src/widgets/framework.dart:2073:7)
#36     SingleChildRenderObjectElement.visitChildren (package:flutter/src/widgets/framework.dart:6994:14)
#37     _InactiveElements._unmount (package:flutter/src/widgets/framework.dart:2071:13)
#38     _InactiveElements._unmount.<anonymous closure> (package:flutter/src/widgets/framework.dart:2073:7)
#39     ComponentElement.visitChildren (package:flutter/src/widgets/framework.dart:5763:14)
#40     _InactiveElements._unmount (package:flutter/src/widgets/framework.dart:2071:13)
#41     _InactiveElements._unmount.<anonymous closure> (package:flutter/src/widgets/framework.dart:2073:7)
#42     SingleChildRenderObjectElement.visitChildren (package:flutter/src/widgets/framework.dart:6994:14)
#43     _InactiveElements._unmount (package:flutter/src/widgets/framework.dart:2071:13)
#44     _InactiveElements._unmount.<anonymous closure> (package:flutter/src/widgets/framework.dart:2073:7)
#45     ComponentElement.visitChildren (package:flutter/src/widgets/framework.dart:5763:14)
#46     _InactiveElements._unmount (package:flutter/src/widgets/framework.dart:2071:13)
#47     _InactiveElements._unmount.<anonymous closure> (package:flutter/src/widgets/framework.dart:2073:7)
#48     SingleChildRenderObjectElement.visitChildren (package:flutter/src/widgets/framework.dart:6994:14)
#49     _InactiveElements._unmount (package:flutter/src/widgets/framework.dart:2071:13)
#50     _InactiveElements._unmount.<anonymous closure> (package:flutter/src/widgets/framework.dart:2073:7)
#51     ComponentElement.visitChildren (package:flutter/src/widgets/framework.dart:5763:14)
#52     _InactiveElements._unmount (package:flutter/src/widgets/framework.dart:2071:13)
#53     _InactiveElements._unmount.<anonymous closure> (package:flutter/src/widgets/framework.dart:2073:7)
#54     ComponentElement.visitChildren (package:flutter/src/widgets/framework.dart:5763:14)
#55     _InactiveElements._unmount (package:flutter/src/widgets/framework.dart:2071:13)
#56     _InactiveElements._unmount.<anonymous closure> (package:flutter/src/widgets/framework.dart:2073:7)
#57     SingleChildRenderObjectElement.visitChildren (package:flutter/src/widgets/framework.dart:6994:14)
#58     _InactiveElements._unmount (package:flutter/src/widgets/framework.dart:2071:13)
#59     _InactiveElements._unmount.<anonymous closure> (package:flutter/src/widgets/framework.dart:2073:7)
#60     ComponentElement.visitChildren (package:flutter/src/widgets/framework.dart:5763:14)
#61     _InactiveElements._unmount (package:flutter/src/widgets/framework.dart:2071:13)
#62     _InactiveElements._unmount.<anonymous closure> (package:flutter/src/widgets/framework.dart:2073:7)
#63     SingleChildRenderObjectElement.visitChildren (package:flutter/src/widgets/framework.dart:6994:14)
#64     _InactiveElements._unmount (package:flutter/src/widgets/framework.dart:2071:13)
#65     _InactiveElements._unmount.<anonymous closure> (package:flutter/src/widgets/framework.dart:2073:7)
#66     ComponentElement.visitChildren (package:flutter/src/widgets/framework.dart:5763:14)
#67     _InactiveElements._unmount (package:flutter/src/widgets/framework.dart:2071:13)
#68     _InactiveElements._unmount.<anonymous closure> (package:flutter/src/widgets/framework.dart:2073:7)
#69     ComponentElement.visitChildren (package:flutter/src/widgets/framework.dart:5763:14)
#70     _InactiveElements._unmount (package:flutter/src/widgets/framework.dart:2071:13)
#71     _InactiveElements._unmount.<anonymous closure> (package:flutter/src/widgets/framework.dart:2073:7)
#72     ComponentElement.visitChildren (package:flutter/src/widgets/framework.dart:5763:14)
#73     _InactiveElements._unmount (package:flutter/src/widgets/framework.dart:2071:13)
#74     _InactiveElements._unmount.<anonymous closure> (package:flutter/src/widgets/framework.dart:2073:7)
#75     ComponentElement.visitChildren (package:flutter/src/widgets/framework.dart:5763:14)
#76     _InactiveElements._unmount (package:flutter/src/widgets/framework.dart:2071:13)
#77     _InactiveElements._unmount.<anonymous closure> (package:flutter/src/widgets/framework.dart:2073:7)
#78     ComponentElement.visitChildren (package:flutter/src/widgets/framework.dart:5763:14)
#79     _InactiveElements._unmount (package:flutter/src/widgets/framework.dart:2071:13)
#80     _InactiveElements._unmount.<anonymous closure> (package:flutter/src/widgets/framework.dart:2073:7)
#81     SingleChildRenderObjectElement.visitChildren (package:flutter/src/widgets/framework.dart:6994:14)
#82     _InactiveElements._unmount (package:flutter/src/widgets/framework.dart:2071:13)
#83     _InactiveElements._unmount.<anonymous closure> (package:flutter/src/widgets/framework.dart:2073:7)
#84     ComponentElement.visitChildren (package:flutter/src/widgets/framework.dart:5763:14)
#85     _InactiveElements._unmount (package:flutter/src/widgets/framework.dart:2071:13)
#86     _InactiveElements._unmount.<anonymous closure> (package:flutter/src/widgets/framework.dart:2073:7)
#87     SingleChildRenderObjectElement.visitChildren (package:flutter/src/widgets/framework.dart:6994:14)
#88     _InactiveElements._unmount (package:flutter/src/widgets/framework.dart:2071:13)
#89     _InactiveElements._unmount.<anonymous closure> (package:flutter/src/widgets/framework.dart:2073:7)
#90     ComponentElement.visitChildren (package:flutter/src/widgets/framework.dart:5763:14)
#91     _InactiveElements._unmount (package:flutter/src/widgets/framework.dart:2071:13)
#92     _InactiveElements._unmount.<anonymous closure> (package:flutter/src/widgets/framework.dart:2073:7)
#93     ComponentElement.visitChildren (package:flutter/src/widgets/framework.dart:5763:14)
#94     _InactiveElements._unmount (package:flutter/src/widgets/framework.dart:2071:13)
#95     _InactiveElements._unmount.<anonymous closure> (package:flutter/src/widgets/framework.dart:2073:7)
#96     ComponentElement.visitChildren (package:flutter/src/widgets/framework.dart:5763:14)
#97     _InactiveElements._unmount (package:flutter/src/widgets/framework.dart:2071:13)
#98     _InactiveElements._unmount.<anonymous closure> (package:flutter/src/widgets/framework.dart:2073:7)
#99     ComponentElement.visitChildren (package:flutter/src/widgets/framework.dart:5763:14)
#100    _InactiveElements._unmount (package:flutter/src/widgets/framework.dart:2071:13)
#101    _InactiveElements._unmount.<anonymous closure> (package:flutter/src/widgets/framework.dart:2073:7)
#102    ComponentElement.visitChildren (package:flutter/src/widgets/framework.dart:5763:14)
#103    _InactiveElements._unmount (package:flutter/src/widgets/framework.dart:2071:13)
#104    _InactiveElements._unmount.<anonymous closure> (package:flutter/src/widgets/framework.dart:2073:7)
#105    ComponentElement.visitChildren (package:flutter/src/widgets/framework.dart:5763:14)
#106    _InactiveElements._unmount (package:flutter/src/widgets/framework.dart:2071:13)
#107    _InactiveElements._unmount.<anonymous closure> (package:flutter/src/widgets/framework.dart:2073:7)
#108    SingleChildRenderObjectElement.visitChildren (package:flutter/src/widgets/framework.dart:6994:14)
#109    _InactiveElements._unmount (package:flutter/src/widgets/framework.dart:2071:13)
#110    _InactiveElements._unmount.<anonymous closure> (package:flutter/src/widgets/framework.dart:2073:7)
#111    ComponentElement.visitChildren (package:flutter/src/widgets/framework.dart:5763:14)
#112    _InactiveElements._unmount (package:flutter/src/widgets/framework.dart:2071:13)
#113    _InactiveElements._unmount.<anonymous closure> (package:flutter/src/widgets/framework.dart:2073:7)
#114    ComponentElement.visitChildren (package:flutter/src/widgets/framework.dart:5763:14)
#115    _InactiveElements._unmount (package:flutter/src/widgets/framework.dart:2071:13)
#116    _InactiveElements._unmount.<anonymous closure> (package:flutter/src/widgets/framework.dart:2073:7)
#117    ComponentElement.visitChildren (package:flutter/src/widgets/framework.dart:5763:14)
#118    _InactiveElements._unmount (package:flutter/src/widgets/framework.dart:2071:13)
#119    _InactiveElements._unmount.<anonymous closure> (package:flutter/src/widgets/framework.dart:2073:7)
#120    ComponentElement.visitChildren (package:flutter/src/widgets/framework.dart:5763:14)
#121    _InactiveElements._unmount (package:flutter/src/widgets/framework.dart:2071:13)
#122    _InactiveElements._unmount.<anonymous closure> (package:flutter/src/widgets/framework.dart:2073:7)
#123    ComponentElement.visitChildren (package:flutter/src/widgets/framework.dart:5763:14)
#124    _InactiveElements._unmount (package:flutter/src/widgets/framework.dart:2071:13)
#125    _InactiveElements._unmount.<anonymous closure> (package:flutter/src/widgets/framework.dart:2073:7)
#126    SingleChildRenderObjectElement.visitChildren (package:flutter/src/widgets/framework.dart:6994:14)
#127    _InactiveElements._unmount (package:flutter/src/widgets/framework.dart:2071:13)
#128    _InactiveElements._unmount.<anonymous closure> (package:flutter/src/widgets/framework.dart:2073:7)
#129    ComponentElement.visitChildren (package:flutter/src/widgets/framework.dart:5763:14)
#130    _InactiveElements._unmount (package:flutter/src/widgets/framework.dart:2071:13)
#131    _InactiveElements._unmount.<anonymous closure> (package:flutter/src/widgets/framework.dart:2073:7)
#132    ComponentElement.visitChildren (package:flutter/src/widgets/framework.dart:5763:14)
#133    _InactiveElements._unmount (package:flutter/src/widgets/framework.dart:2071:13)
#134    _InactiveElements._unmount.<anonymous closure> (package:flutter/src/widgets/framework.dart:2073:7)
#135    ComponentElement.visitChildren (package:flutter/src/widgets/framework.dart:5763:14)
#136    _InactiveElements._unmount (package:flutter/src/widgets/framework.dart:2071:13)
#137    _InactiveElements._unmount.<anonymous closure> (package:flutter/src/widgets/framework.dart:2073:7)
#138    ComponentElement.visitChildren (package:flutter/src/widgets/framework.dart:5763:14)
#139    _InactiveElements._unmount (package:flutter/src/widgets/framework.dart:2071:13)
#140    _InactiveElements._unmount.<anonymous closure> (package:flutter/src/widgets/framework.dart:2073:7)
#141    MultiChildRenderObjectElement.visitChildren (package:flutter/src/widgets/framework.dart:7118:16)
#142    _InactiveElements._unmount (package:flutter/src/widgets/framework.dart:2071:13)
#143    _InactiveElements._unmount.<anonymous closure> (package:flutter/src/widgets/framework.dart:2073:7)
#144    ComponentElement.visitChildren (package:flutter/src/widgets/framework.dart:5763:14)
#145    _InactiveElements._unmount (package:flutter/src/widgets/framework.dart:2071:13)
#146    _InactiveElements._unmount.<anonymous closure> (package:flutter/src/widgets/framework.dart:2073:7)
#147    ComponentElement.visitChildren (package:flutter/src/widgets/framework.dart:5763:14)
#148    _InactiveElements._unmount (package:flutter/src/widgets/framework.dart:2071:13)
#149    _InactiveElements._unmount.<anonymous closure> (package:flutter/src/widgets/framework.dart:2073:7)
#150    ComponentElement.visitChildren (package:flutter/src/widgets/framework.dart:5763:14)
#151    _InactiveElements._unmount (package:flutter/src/widgets/framework.dart:2071:13)
#152    _InactiveElements._unmount.<anonymous closure> (package:flutter/src/widgets/framework.dart:2073:7)
#153    ComponentElement.visitChildren (package:flutter/src/widgets/framework.dart:5763:14)
#154    _InactiveElements._unmount (package:flutter/src/widgets/framework.dart:2071:13)
#155    _InactiveElements._unmount.<anonymous closure> (package:flutter/src/widgets/framework.dart:2073:7)
#156    ComponentElement.visitChildren (package:flutter/src/widgets/framework.dart:5763:14)
#157    _InactiveElements._unmount (package:flutter/src/widgets/framework.dart:2071:13)
#158    _InactiveElements._unmount.<anonymous closure> (package:flutter/src/widgets/framework.dart:2073:7)
#159    ComponentElement.visitChildren (package:flutter/src/widgets/framework.dart:5763:14)
#160    _InactiveElements._unmount (package:flutter/src/widgets/framework.dart:2071:13)
#161    _InactiveElements._unmount.<anonymous closure> (package:flutter/src/widgets/framework.dart:2073:7)
#162    ComponentElement.visitChildren (package:flutter/src/widgets/framework.dart:5763:14)
#163    _InactiveElements._unmount (package:flutter/src/widgets/framework.dart:2071:13)
#164    _InactiveElements._unmount.<anonymous closure> (package:flutter/src/widgets/framework.dart:2073:7)
#165    SingleChildRenderObjectElement.visitChildren (package:flutter/src/widgets/framework.dart:6994:14)
#166    _InactiveElements._unmount (package:flutter/src/widgets/framework.dart:2071:13)
#167    _InactiveElements._unmount.<anonymous closure> (package:flutter/src/widgets/framework.dart:2073:7)
#168    SingleChildRenderObjectElement.visitChildren (package:flutter/src/widgets/framework.dart:6994:14)
#169    _InactiveElements._unmount (package:flutter/src/widgets/framework.dart:2071:13)
#170    _InactiveElements._unmount.<anonymous closure> (package:flutter/src/widgets/framework.dart:2073:7)
#171    ComponentElement.visitChildren (package:flutter/src/widgets/framework.dart:5763:14)
#172    _InactiveElements._unmount (package:flutter/src/widgets/framework.dart:2071:13)
#173    _InactiveElements._unmount.<anonymous closure> (package:flutter/src/widgets/framework.dart:2073:7)
#174    ComponentElement.visitChildren (package:flutter/src/widgets/framework.dart:5763:14)
#175    _InactiveElements._unmount (package:flutter/src/widgets/framework.dart:2071:13)
#176    _InactiveElements._unmount.<anonymous closure> (package:flutter/src/widgets/framework.dart:2073:7)
#177    ComponentElement.visitChildren (package:flutter/src/widgets/framework.dart:5763:14)
#178    _InactiveElements._unmount (package:flutter/src/widgets/framework.dart:2071:13)
#179    _InactiveElements._unmount.<anonymous closure> (package:flutter/src/widgets/framework.dart:2073:7)
#180    ComponentElement.visitChildren (package:flutter/src/widgets/framework.dart:5763:14)
#181    _InactiveElements._unmount (package:flutter/src/widgets/framework.dart:2071:13)
#182    _InactiveElements._unmount.<anonymous closure> (package:flutter/src/widgets/framework.dart:2073:7)
#183    SingleChildRenderObjectElement.visitChildren (package:flutter/src/widgets/framework.dart:6994:14)
#184    _InactiveElements._unmount (package:flutter/src/widgets/framework.dart:2071:13)
#185    _InactiveElements._unmount.<anonymous closure> (package:flutter/src/widgets/framework.dart:2073:7)
#186    ComponentElement.visitChildren (package:flutter/src/widgets/framework.dart:5763:14)
#187    _InactiveElements._unmount (package:flutter/src/widgets/framework.dart:2071:13)
#188    _InactiveElements._unmount.<anonymous closure> (package:flutter/src/widgets/framework.dart:2073:7)
#189    ComponentElement.visitChildren (package:flutter/src/widgets/framework.dart:5763:14)
#190    _InactiveElements._unmount (package:flutter/src/widgets/framework.dart:2071:13)
#191    _InactiveElements._unmount.<anonymous closure> (package:flutter/src/widgets/framework.dart:2073:7)
#192    ComponentElement.visitChildren (package:flutter/src/widgets/framework.dart:5763:14)
#193    _InactiveElements._unmount (package:flutter/src/widgets/framework.dart:2071:13)
#194    _InactiveElements._unmount.<anonymous closure> (package:flutter/src/widgets/framework.dart:2073:7)
#195    ComponentElement.visitChildren (package:flutter/src/widgets/framework.dart:5763:14)
#196    _InactiveElements._unmount (package:flutter/src/widgets/framework.dart:2071:13)
#197    _InactiveElements._unmount.<anonymous closure> (package:flutter/src/widgets/framework.dart:2073:7)
#198    ComponentElement.visitChildren (package:flutter/src/widgets/framework.dart:5763:14)
#199    _InactiveElements._unmount (package:flutter/src/widgets/framework.dart:2071:13)
#200    _InactiveElements._unmount.<anonymous closure> (package:flutter/src/widgets/framework.dart:2073:7)
#201    ComponentElement.visitChildren (package:flutter/src/widgets/framework.dart:5763:14)
#202    _InactiveElements._unmount (package:flutter/src/widgets/framework.dart:2071:13)
#203    _InactiveElements._unmount.<anonymous closure> (package:flutter/src/widgets/framework.dart:2073:7)
#204    ComponentElement.visitChildren (package:flutter/src/widgets/framework.dart:5763:14)
#205    _InactiveElements._unmount (package:flutter/src/widgets/framework.dart:2071:13)
#206    _InactiveElements._unmount.<anonymous closure> (package:flutter/src/widgets/framework.dart:2073:7)
#207    ComponentElement.visitChildren (package:flutter/src/widgets/framework.dart:5763:14)
#208    _InactiveElements._unmount (package:flutter/src/widgets/framework.dart:2071:13)
#209    _InactiveElements._unmount.<anonymous closure> (package:flutter/src/widgets/framework.dart:2073:7)
#210    ComponentElement.visitChildren (package:flutter/src/widgets/framework.dart:5763:14)
#211    _InactiveElements._unmount (package:flutter/src/widgets/framework.dart:2071:13)
#212    _InactiveElements._unmount.<anonymous closure> (package:flutter/src/widgets/framework.dart:2073:7)
#213    ComponentElement.visitChildren (package:flutter/src/widgets/framework.dart:5763:14)
#214    _InactiveElements._unmount (package:flutter/src/widgets/framework.dart:2071:13)
#215    _InactiveElements._unmount.<anonymous closure> (package:flutter/src/widgets/framework.dart:2073:7)
#216    ComponentElement.visitChildren (package:flutter/src/widgets/framework.dart:5763:14)
#217    _InactiveElements._unmount (package:flutter/src/widgets/framework.dart:2071:13)
#218    _InactiveElements._unmount.<anonymous closure> (package:flutter/src/widgets/framework.dart:2073:7)
#219    ComponentElement.visitChildren (package:flutter/src/widgets/framework.dart:5763:14)
#220    _InactiveElements._unmount (package:flutter/src/widgets/framework.dart:2071:13)
#221    _InactiveElements._unmount.<anonymous closure> (package:flutter/src/widgets/framework.dart:2073:7)
#222    ComponentElement.visitChildren (package:flutter/src/widgets/framework.dart:5763:14)
#223    _InactiveElements._unmount (package:flutter/src/widgets/framework.dart:2071:13)
#224    _InactiveElements._unmount.<anonymous closure> (package:flutter/src/widgets/framework.dart:2073:7)
#225    ComponentElement.visitChildren (package:flutter/src/widgets/framework.dart:5763:14)
#226    _InactiveElements._unmount (package:flutter/src/widgets/framework.dart:2071:13)
#227    _InactiveElements._unmount.<anonymous closure> (package:flutter/src/widgets/framework.dart:2073:7)
#228    ComponentElement.visitChildren (package:flutter/src/widgets/framework.dart:5763:14)
#229    _InactiveElements._unmount (package:flutter/src/widgets/framework.dart:2071:13)
#230    _InactiveElements._unmount.<anonymous closure> (package:flutter/src/widgets/framework.dart:2073:7)
#231    ComponentElement.visitChildren (package:flutter/src/widgets/framework.dart:5763:14)
#232    _InactiveElements._unmount (package:flutter/src/widgets/framework.dart:2071:13)
#233    _InactiveElements._unmount.<anonymous closure> (package:flutter/src/widgets/framework.dart:2073:7)
#234    ComponentElement.visitChildren (package:flutter/src/widgets/framework.dart:5763:14)
#235    _InactiveElements._unmount (package:flutter/src/widgets/framework.dart:2071:13)
#236    _InactiveElements._unmount.<anonymous closure> (package:flutter/src/widgets/framework.dart:2073:7)
#237    ComponentElement.visitChildren (package:flutter/src/widgets/framework.dart:5763:14)
#238    _InactiveElements._unmount (package:flutter/src/widgets/framework.dart:2071:13)
#239    _InactiveElements._unmount.<anonymous closure> (package:flutter/src/widgets/framework.dart:2073:7)
#240    SingleChildRenderObjectElement.visitChildren (package:flutter/src/widgets/framework.dart:6994:14)
#241    _InactiveElements._unmount (package:flutter/src/widgets/framework.dart:2071:13)
#242    _InactiveElements._unmount.<anonymous closure> (package:flutter/src/widgets/framework.dart:2073:7)
#243    ComponentElement.visitChildren (package:flutter/src/widgets/framework.dart:5763:14)
#244    _InactiveElements._unmount (package:flutter/src/widgets/framework.dart:2071:13)
#245    _InactiveElements._unmount.<anonymous closure> (package:flutter/src/widgets/framework.dart:2073:7)
#246    SingleChildRenderObjectElement.visitChildren (package:flutter/src/widgets/framework.dart:6994:14)
#247    _InactiveElements._unmount (package:flutter/src/widgets/framework.dart:2071:13)
#248    _InactiveElements._unmount.<anonymous closure> (package:flutter/src/widgets/framework.dart:2073:7)
#249    ComponentElement.visitChildren (package:flutter/src/widgets/framework.dart:5763:14)
#250    _InactiveElements._unmount (package:flutter/src/widgets/framework.dart:2071:13)
#251    _InactiveElements._unmount.<anonymous closure> (package:flutter/src/widgets/framework.dart:2073:7)
#252    ComponentElement.visitChildren (package:flutter/src/widgets/framework.dart:5763:14)
#253    _InactiveElements._unmount (package:flutter/src/widgets/framework.dart:2071:13)
#254    _InactiveElements._unmount.<anonymous closure> (package:flutter/src/widgets/framework.dart:2073:7)
#255    ComponentElement.visitChildren (package:flutter/src/widgets/framework.dart:5763:14)
#256    _InactiveElements._unmount (package:flutter/src/widgets/framework.dart:2071:13)
#257    _InactiveElements._unmount.<anonymous closure> (package:flutter/src/widgets/framework.dart:2073:7)
#258    ComponentElement.visitChildren (package:flutter/src/widgets/framework.dart:5763:14)
#259    _InactiveElements._unmount (package:flutter/src/widgets/framework.dart:2071:13)
#260    _InactiveElements._unmount.<anonymous closure> (package:flutter/src/widgets/framework.dart:2073:7)
#261    ComponentElement.visitChildren (package:flutter/src/widgets/framework.dart:5763:14)
#262    _InactiveElements._unmount (package:flutter/src/widgets/framework.dart:2071:13)
#263    _InactiveElements._unmount.<anonymous closure> (package:flutter/src/widgets/framework.dart:2073:7)
#264    SingleChildRenderObjectElement.visitChildren (package:flutter/src/widgets/framework.dart:6994:14)
#265    _InactiveElements._unmount (package:flutter/src/widgets/framework.dart:2071:13)
#266    _InactiveElements._unmount.<anonymous closure> (package:flutter/src/widgets/framework.dart:2073:7)
#267    ComponentElement.visitChildren (package:flutter/src/widgets/framework.dart:5763:14)
#268    _InactiveElements._unmount (package:flutter/src/widgets/framework.dart:2071:13)
#269    _InactiveElements._unmount.<anonymous closure> (package:flutter/src/widgets/framework.dart:2073:7)
#270    ComponentElement.visitChildren (package:flutter/src/widgets/framework.dart:5763:14)
#271    _InactiveElements._unmount (package:flutter/src/widgets/framework.dart:2071:13)
#272    _InactiveElements._unmount.<anonymous closure> (package:flutter/src/widgets/framework.dart:2073:7)
#273    ComponentElement.visitChildren (package:flutter/src/widgets/framework.dart:5763:14)
#274    _InactiveElements._unmount (package:flutter/src/widgets/framework.dart:2071:13)
#275    _InactiveElements._unmount.<anonymous closure> (package:flutter/src/widgets/framework.dart:2073:7)
#276    ComponentElement.visitChildren (package:flutter/src/widgets/framework.dart:5763:14)
#277    _InactiveElements._unmount (package:flutter/src/widgets/framework.dart:2071:13)
#278    _InactiveElements._unmount.<anonymous closure> (package:flutter/src/widgets/framework.dart:2073:7)
#279    ComponentElement.visitChildren (package:flutter/src/widgets/framework.dart:5763:14)
#280    _InactiveElements._unmount (package:flutter/src/widgets/framework.dart:2071:13)
#281    _InactiveElements._unmount.<anonymous closure> (package:flutter/src/widgets/framework.dart:2073:7)
#282    SingleChildRenderObjectElement.visitChildren (package:flutter/src/widgets/framework.dart:6994:14)
#283    _InactiveElements._unmount (package:flutter/src/widgets/framework.dart:2071:13)
#284    _InactiveElements._unmount.<anonymous closure> (package:flutter/src/widgets/framework.dart:2073:7)
#285    ComponentElement.visitChildren (package:flutter/src/widgets/framework.dart:5763:14)
#286    _InactiveElements._unmount (package:flutter/src/widgets/framework.dart:2071:13)
#287    _InactiveElements._unmount.<anonymous closure> (package:flutter/src/widgets/framework.dart:2073:7)
#288    ComponentElement.visitChildren (package:flutter/src/widgets/framework.dart:5763:14)
#289    _InactiveElements._unmount (package:flutter/src/widgets/framework.dart:2071:13)
#290    _InactiveElements._unmount.<anonymous closure> (package:flutter/src/widgets/framework.dart:2073:7)
#291    ComponentElement.visitChildren (package:flutter/src/widgets/framework.dart:5763:14)
#292    _InactiveElements._unmount (package:flutter/src/widgets/framework.dart:2071:13)
#293    _InactiveElements._unmount.<anonymous closure> (package:flutter/src/widgets/framework.dart:2073:7)
#294    ComponentElement.visitChildren (package:flutter/src/widgets/framework.dart:5763:14)
#295    _InactiveElements._unmount (package:flutter/src/widgets/framework.dart:2071:13)
#296    _InactiveElements._unmount.<anonymous closure> (package:flutter/src/widgets/framework.dart:2073:7)
#297    SingleChildRenderObjectElement.visitChildren (package:flutter/src/widgets/framework.dart:6994:14)
#298    _InactiveElements._unmount (package:flutter/src/widgets/framework.dart:2071:13)
#299    _InactiveElements._unmount.<anonymous closure> (package:flutter/src/widgets/framework.dart:2073:7)
#300    ComponentElement.visitChildren (package:flutter/src/widgets/framework.dart:5763:14)
#301    _InactiveElements._unmount (package:flutter/src/widgets/framework.dart:2071:13)
#302    _InactiveElements._unmount.<anonymous closure> (package:flutter/src/widgets/framework.dart:2073:7)
#303    ComponentElement.visitChildren (package:flutter/src/widgets/framework.dart:5763:14)
#304    _InactiveElements._unmount (package:flutter/src/widgets/framework.dart:2071:13)
#305    _InactiveElements._unmount.<anonymous closure> (package:flutter/src/widgets/framework.dart:2073:7)
#306    ComponentElement.visitChildren (package:flutter/src/widgets/framework.dart:5763:14)
#307    _InactiveElements._unmount (package:flutter/src/widgets/framework.dart:2071:13)
#308    _InactiveElements._unmount.<anonymous closure> (package:flutter/src/widgets/framework.dart:2073:7)
#309    ComponentElement.visitChildren (package:flutter/src/widgets/framework.dart:5763:14)
#310    _InactiveElements._unmount (package:flutter/src/widgets/framework.dart:2071:13)
#311    _InactiveElements._unmount.<anonymous closure> (package:flutter/src/widgets/framework.dart:2073:7)
#312    ComponentElement.visitChildren (package:flutter/src/widgets/framework.dart:5763:14)
#313    _InactiveElements._unmount (package:flutter/src/widgets/framework.dart:2071:13)
#314    _InactiveElements._unmount.<anonymous closure> (package:flutter/src/widgets/framework.dart:2073:7)
#315    ComponentElement.visitChildren (package:flutter/src/widgets/framework.dart:5763:14)
#316    _InactiveElements._unmount (package:flutter/src/widgets/framework.dart:2071:13)
#317    _InactiveElements._unmount.<anonymous closure> (package:flutter/src/widgets/framework.dart:2073:7)
#318    ComponentElement.visitChildren (package:flutter/src/widgets/framework.dart:5763:14)
#319    _InactiveElements._unmount (package:flutter/src/widgets/framework.dart:2071:13)
#320    _InactiveElements._unmount.<anonymous closure> (package:flutter/src/widgets/framework.dart:2073:7)
#321    ComponentElement.visitChildren (package:flutter/src/widgets/framework.dart:5763:14)
#322    _InactiveElements._unmount (package:flutter/src/widgets/framework.dart:2071:13)
#323    _InactiveElements._unmount.<anonymous closure> (package:flutter/src/widgets/framework.dart:2073:7)
#324    ComponentElement.visitChildren (package:flutter/src/widgets/framework.dart:5763:14)
#325    _InactiveElements._unmount (package:flutter/src/widgets/framework.dart:2071:13)
#326    _InactiveElements._unmount.<anonymous closure> (package:flutter/src/widgets/framework.dart:2073:7)
#327    ComponentElement.visitChildren (package:flutter/src/widgets/framework.dart:5763:14)
#328    _InactiveElements._unmount (package:flutter/src/widgets/framework.dart:2071:13)
#329    _InactiveElements._unmount.<anonymous closure> (package:flutter/src/widgets/framework.dart:2073:7)
#330    ComponentElement.visitChildren (package:flutter/src/widgets/framework.dart:5763:14)
#331    _InactiveElements._unmount (package:flutter/src/widgets/framework.dart:2071:13)
#332    _InactiveElements._unmount.<anonymous closure> (package:flutter/src/widgets/framework.dart:2073:7)
#333    SingleChildRenderObjectElement.visitChildren (package:flutter/src/widgets/framework.dart:6994:14)
#334    _InactiveElements._unmount (package:flutter/src/widgets/framework.dart:2071:13)
#335    _InactiveElements._unmount.<anonymous closure> (package:flutter/src/widgets/framework.dart:2073:7)
#336    ComponentElement.visitChildren (package:flutter/src/widgets/framework.dart:5763:14)
#337    _InactiveElements._unmount (package:flutter/src/widgets/framework.dart:2071:13)
#338    _InactiveElements._unmount.<anonymous closure> (package:flutter/src/widgets/framework.dart:2073:7)
#339    ComponentElement.visitChildren (package:flutter/src/widgets/framework.dart:5763:14)
#340    _InactiveElements._unmount (package:flutter/src/widgets/framework.dart:2071:13)
#341    _InactiveElements._unmount.<anonymous closure> (package:flutter/src/widgets/framework.dart:2073:7)
#342    ComponentElement.visitChildren (package:flutter/src/widgets/framework.dart:5763:14)
#343    _InactiveElements._unmount (package:flutter/src/widgets/framework.dart:2071:13)
#344    _InactiveElements._unmount.<anonymous closure> (package:flutter/src/widgets/framework.dart:2073:7)
#345    ComponentElement.visitChildren (package:flutter/src/widgets/framework.dart:5763:14)
#346    _InactiveElements._unmount (package:flutter/src/widgets/framework.dart:2071:13)
#347    _InactiveElements._unmount.<anonymous closure> (package:flutter/src/widgets/framework.dart:2073:7)
#348    ComponentElement.visitChildren (package:flutter/src/widgets/framework.dart:5763:14)
#349    _InactiveElements._unmount (package:flutter/src/widgets/framework.dart:2071:13)
#350    _InactiveElements._unmount.<anonymous closure> (package:flutter/src/widgets/framework.dart:2073:7)
#351    ComponentElement.visitChildren (package:flutter/src/widgets/framework.dart:5763:14)
#352    _InactiveElements._unmount (package:flutter/src/widgets/framework.dart:2071:13)
#353    ListIterable.forEach (dart:_internal/iterable.dart:49:13)
#354    _InactiveElements._unmountAll (package:flutter/src/widgets/framework.dart:2084:25)
#355    BuildOwner.lockState (package:flutter/src/widgets/framework.dart:2965:15)
#356    BuildOwner.finalizeTree (package:flutter/src/widgets/framework.dart:3288:7)
#357    AutomatedTestWidgetsFlutterBinding.drawFrame (package:flutter_test/src/binding.dart:1537:19)
#358    RendererBinding._handlePersistentFrameCallback (package:flutter/src/rendering/binding.dart:495:5)
#359    SchedulerBinding._invokeFrameCallback (package:flutter/src/scheduler/binding.dart:1438:15)
#360    SchedulerBinding.handleDrawFrame (package:flutter/src/scheduler/binding.dart:1351:9)
#361    AutomatedTestWidgetsFlutterBinding.scheduleWarmUpFrame (package:flutter_test/src/binding.dart:1441:5)
#362    _runWidget (package:flutter/src/widgets/binding.dart:1558:7)
#363    runApp (package:flutter/src/widgets/binding.dart:1491:3)
#364    TestWidgetsFlutterBinding._runTestBody (package:flutter_test/src/binding.dart:1071:7)
<asynchronous suspension>
<asynchronous suspension>
(elided 14 frames from dart:async and package:stack_trace)

ΓòÉΓòÉΓòí EXCEPTION CAUGHT BY FLUTTER TEST FRAMEWORK Γò₧ΓòÉΓòÉΓòÉΓòÉΓòÉΓòÉΓòÉΓòÉΓòÉΓòÉΓòÉΓòÉΓòÉΓòÉΓòÉΓòÉΓòÉΓòÉΓòÉΓòÉΓòÉΓòÉΓòÉΓòÉΓòÉΓòÉΓòÉΓòÉΓòÉΓòÉΓòÉΓòÉΓòÉΓòÉΓòÉΓòÉΓòÉΓòÉΓòÉΓòÉΓòÉΓòÉΓòÉΓòÉΓòÉΓòÉΓòÉΓòÉΓòÉΓòÉΓòÉΓòÉ
The following assertion was thrown running a test:
A Timer is still pending even after the widget tree was disposed.
'package:flutter_test/src/binding.dart':
Failed assertion: line 1626 pos 12: '!timersPending'

When the exception was thrown, this was the stack:
#2      AutomatedTestWidgetsFlutterBinding._verifyInvariants (package:flutter_test/src/binding.dart:1626:12)
#3      TestWidgetsFlutterBinding._runTestBody (package:flutter_test/src/binding.dart:1083:7)
<asynchronous suspension>
<asynchronous suspension>
(elided 3 frames from class _AssertionError and package:stack_trace)

The test description was:
  Dashboard loads and shows title
ΓòÉΓòÉΓòÉΓòÉΓòÉΓòÉΓòÉΓòÉΓòÉΓòÉΓòÉΓòÉΓòÉΓòÉΓòÉΓòÉΓòÉΓòÉΓòÉΓòÉΓòÉΓòÉΓòÉΓòÉΓòÉΓòÉΓòÉΓòÉΓòÉΓòÉΓòÉΓòÉΓòÉΓòÉΓòÉΓòÉΓòÉΓòÉΓòÉΓòÉΓòÉΓòÉΓòÉΓòÉΓòÉΓòÉΓòÉΓòÉΓòÉΓòÉΓòÉΓòÉΓòÉΓòÉΓòÉΓòÉΓòÉΓòÉΓòÉΓòÉΓòÉΓòÉΓòÉΓòÉΓòÉΓòÉΓòÉΓòÉΓòÉΓòÉΓòÉΓòÉΓòÉΓòÉΓòÉΓòÉΓòÉΓòÉΓòÉΓòÉΓòÉΓòÉΓòÉΓòÉΓòÉΓòÉΓòÉΓòÉΓòÉΓòÉΓòÉΓòÉΓòÉΓòÉΓòÉΓòÉΓòÉΓòÉΓòÉΓòÉ
00:01 +0 -1: Dashboard loads and shows title [E]
  Test failed. See exception logs above.
  The test description was: Dashboard loads and shows title
  
Warning: At least one test in this suite creates an HttpClient. When running a test suite that uses
TestWidgetsFlutterBinding, all HTTP requests will return status code 400, and no network request
will actually be made. Any test expecting a real network connection and status code will fail.
To test code that needs an HttpClient, provide your own HttpClient implementation to the code under
test, so that your test can consistently provide a testable response to the code under test.
00:01 +0 -1: Some tests failed.
